[rstheme.com/products/html/planteo/index.html]
[backblue.gif]
[fade.gif]
[index.html]
[rstheme.com/products/html/planteo/apple-touch-icon.png]
[rstheme.com/products/html/planteo/images/fav.png]
[rstheme.com/products/html/planteo/css/bootstrap.min.css]
[rstheme.com/products/html/planteo/css/font-awesome.min.css]
[rstheme.com/products/html/planteo/css/owl.carousel.css]
[rstheme.com/products/html/planteo/css/animate.css]
[rstheme.com/products/html/planteo/css/slick.css]
[rstheme.com/products/html/planteo/css/off-canvas.css]
[rstheme.com/products/html/planteo/fonts/flaticon.css]
[rstheme.com/products/html/planteo/css/magnific-popup.css]
[rstheme.com/products/html/planteo/css/rsmenu-main.css]
[rstheme.com/products/html/planteo/css/swiper.min.css]
[rstheme.com/products/html/planteo/css/rsmenu-transitions.css]
[rstheme.com/products/html/planteo/css/rsanimations.css]
[rstheme.com/products/html/planteo/style.css]
[rstheme.com/products/html/planteo/css/rs-spacing.css]
[rstheme.com/products/html/planteo/css/responsive.css]
[rstheme.com/products/html/planteo/images/logo-dark.png]
[rstheme.com/products/html/planteo/index2.html]
[rstheme.com/products/html/planteo/index3.html]
[rstheme.com/products/html/planteo/index4.html]
[rstheme.com/products/html/planteo/index-onepage1.html]
[rstheme.com/products/html/planteo/index-onepage2.html]
[rstheme.com/products/html/planteo/index-onepage3.html]
[rstheme.com/products/html/planteo/index-onepage4.html]
[rstheme.com/products/html/planteo/about.html]
[rstheme.com/products/html/planteo/services-one.html]
[rstheme.com/products/html/planteo/services-two.html]
[rstheme.com/products/html/planteo/services-single.html]
[rstheme.com/products/html/planteo/project.html]
[rstheme.com/products/html/planteo/slider-style.html]
[rstheme.com/products/html/planteo/gallery-style.html]
[rstheme.com/products/html/planteo/team-slider.html]
[rstheme.com/products/html/planteo/team-grid.html]
[rstheme.com/products/html/planteo/services-box1.html]
[rstheme.com/products/html/planteo/services-box2.html]
[rstheme.com/products/html/planteo/services-box3.html]
[rstheme.com/products/html/planteo/services-box4.html]
[rstheme.com/products/html/planteo/services-box5.html]
[rstheme.com/products/html/planteo/shop.html]
[rstheme.com/products/html/planteo/single-shop.html]
[rstheme.com/products/html/planteo/cart.html]
[rstheme.com/products/html/planteo/checkout.html]
[rstheme.com/products/html/planteo/my-account.html]
[rstheme.com/products/html/planteo/blog.html]
[rstheme.com/products/html/planteo/single-blog.html]
[rstheme.com/products/html/planteo/contact.html]
[rstheme.com/products/html/planteo/match-fixtures.html]
[rstheme.com/products/html/planteo/images/slider/layer1.png]
[rstheme.com/products/html/planteo/images/slider/leaf.png]
[rstheme.com/products/html/planteo/images/services/item/1.png]
[rstheme.com/products/html/planteo/images/services/item/2.png]
[rstheme.com/products/html/planteo/www.youtube.com/watchccb8]
[rstheme.com/products/html/planteo/images/services/icon/1.png]
[rstheme.com/products/html/planteo/images/services/icon/2.png]
[rstheme.com/products/html/planteo/images/services/icon/3.png]
[rstheme.com/products/html/planteo/images/services/icon/4.png]
[rstheme.com/products/html/planteo/images/services/icon/5.png]
[rstheme.com/products/html/planteo/images/services/icon/6.png]
[rstheme.com/products/html/planteo/images/team/home1/1.jpg]
[rstheme.com/products/html/planteo/images/team/home1/2.jpg]
[rstheme.com/products/html/planteo/images/team/home1/3.jpg]
[rstheme.com/products/html/planteo/images/team/home1/4.jpg]
[rstheme.com/products/html/planteo/images/team/home1/5.jpg]
[rstheme.com/products/html/planteo/images/team/home1/6.jpg]
[rstheme.com/products/html/planteo/images/portfolio/home1/1.jpg]
[rstheme.com/products/html/planteo/images/portfolio/home1/2.jpg]
[rstheme.com/products/html/planteo/images/portfolio/home1/3.jpg]
[rstheme.com/products/html/planteo/images/portfolio/home1/4.jpg]
[rstheme.com/products/html/planteo/images/portfolio/home1/5.jpg]
[rstheme.com/products/html/planteo/images/portfolio/home1/6.jpg]
[rstheme.com/products/html/planteo/images/services/item/3.png]
[rstheme.com/products/html/planteo/images/services/item/4.png]
[rstheme.com/products/html/planteo/images/services/item/5.png]
[rstheme.com/products/html/planteo/images/services/item/6.png]
[rstheme.com/products/html/planteo/images/testimonial/1.jpg]
[rstheme.com/products/html/planteo/images/testimonial/2.jpg]
[rstheme.com/products/html/planteo/images/testimonial/3.jpg]
[rstheme.com/products/html/planteo/images/testimonial/4.jpg]
[rstheme.com/products/html/planteo/images/blog/home1/1.jpg]
[rstheme.com/products/html/planteo/images/blog/home1/2.jpg]
[rstheme.com/products/html/planteo/images/blog/home1/3.jpg]
[rstheme.com/products/html/planteo/images/blog/home1/4.jpg]
[rstheme.com/products/html/planteo/images/footer-logo.png]
[rstheme.com/products/html/planteo/images/footer/1.jpg]
[rstheme.com/products/html/planteo/images/footer/2.jpg]
[rstheme.com/products/html/planteo/images/footer/3.jpg]
[rstheme.com/products/html/planteo/js/modernizr-2.8.3.min.js]
[rstheme.com/products/html/planteo/js/jquery.min.js]
[rstheme.com/products/html/planteo/js/bootstrap.min.js]
[rstheme.com/products/html/planteo/js/owl.carousel.min.js]
[rstheme.com/products/html/planteo/js/slick.min.js]
[rstheme.com/products/html/planteo/js/isotope.pkgd.min.js]
[rstheme.com/products/html/planteo/js/imagesloaded.pkgd.min.js]
[rstheme.com/products/html/planteo/js/wow.min.js]
[rstheme.com/products/html/planteo/js/jquery.magnific-popup.min.js]
[rstheme.com/products/html/planteo/js/rsmenu-main.js]
[rstheme.com/products/html/planteo/js/plugins.js]
[rstheme.com/products/html/planteo/js/jquery.counterup.min.js]
[rstheme.com/products/html/planteo/js/waypoints.min.js]
[rstheme.com/products/html/planteo/js/swiper.min.js]
[rstheme.com/products/html/planteo/index.html]
[rstheme.com/products/html/planteo/apple-touch-icon.html]
[rstheme.com/products/html/planteo/css/bootstrap.min.css]
[rstheme.com/products/html/planteo/js/main.js]
[rstheme.com/products/html/planteo/fonts/fontawesome-webfont3e6e.eot]
[rstheme.com/products/html/planteo/fonts/fontawesome-webfontd41d.eot]
[rstheme.com/products/html/planteo/fonts/fontawesome-webfont3e6e.woff2]
[rstheme.com/products/html/planteo/fonts/fontawesome-webfont3e6e.woff]
[rstheme.com/products/html/planteo/css/font-awesome.min.css]
[rstheme.com/products/html/planteo/fonts/fontawesome-webfont3e6e.ttf]
[rstheme.com/products/html/planteo/css/owl.video.play.png]
[rstheme.com/products/html/planteo/css/owl.carousel.css]
[rstheme.com/products/html/planteo/css/animate.css]
[rstheme.com/products/html/planteo/css/slick.css]
[rstheme.com/products/html/planteo/css/off-canvas.css]
[rstheme.com/products/html/planteo/fonts/Flaticon.eot]
[rstheme.com/products/html/planteo/fonts/Flaticond41d.eot]
[rstheme.com/products/html/planteo/fonts/fontawesome-webfont3e6e.svg]
[rstheme.com/products/html/planteo/fonts/Flaticon.woff2]
[rstheme.com/products/html/planteo/fonts/Flaticon.woff]
[rstheme.com/products/html/planteo/fonts/Flaticon.ttf]
[rstheme.com/products/html/planteo/fonts/flaticon.css]
[rstheme.com/products/html/planteo/css/magnific-popup.css]
[rstheme.com/products/html/planteo/css/rsmenu-main.css]
[rstheme.com/products/html/planteo/css/swiper.min.css]
[rstheme.com/products/html/planteo/css/rsmenu-transitions.css]
[rstheme.com/products/html/planteo/css/rsanimations.css]
[rstheme.com/products/html/planteo/fonts/Flaticon.svg]
[rstheme.com/products/html/planteo/images/background/cta-h3.jpg]
[rstheme.com/products/html/planteo/images/background/test-h3-bg.jpg]
[rstheme.com/products/html/planteo/images/background/cta-h1.jpg]
[rstheme.com/products/html/planteo/images/background/team-bg.jpg]
[rstheme.com/products/html/planteo/images/background/test-h1-bg.jpg]
[rstheme.com/products/html/planteo/images/background/count-h2.jpg]
[rstheme.com/products/html/planteo/images/background/cta-h2.jpg]
[rstheme.com/products/html/planteo/images/background/test-h2-bg.jpg]
[rstheme.com/products/html/planteo/images/background/count-h3.jpg]
[rstheme.com/products/html/planteo/images/background/cta-bg-h3.jpg]
[rstheme.com/products/html/planteo/images/background/choose-us.jpg]
[rstheme.com/products/html/planteo/images/background/test-h4.jpg]
[rstheme.com/products/html/planteo/images/background/partner-bg.jpg]
[rstheme.com/products/html/planteo/images/slider/h1-layer1.jpg]
[rstheme.com/products/html/planteo/images/slider/h1-layer2.jpg]
[rstheme.com/products/html/planteo/images/slider/h2-layer1.jpg]
[rstheme.com/products/html/planteo/images/slider/h2-layer2.jpg]
[rstheme.com/products/html/planteo/images/slider/h4-layer1.jpg]
[rstheme.com/products/html/planteo/images/slider/h4-layer2.jpg]
[rstheme.com/products/html/planteo/images/breadcrumbs/1.jpg]
[rstheme.com/products/html/planteo/images/breadcrumbs/2.jpg]
[rstheme.com/products/html/planteo/images/breadcrumbs/3.jpg]
[rstheme.com/products/html/planteo/images/breadcrumbs/4.jpg]
[rstheme.com/products/html/planteo/images/breadcrumbs/5.jpg]
[rstheme.com/products/html/planteo/images/breadcrumbs/6.jpg]
[rstheme.com/products/html/planteo/images/about/home2.jpg]
[rstheme.com/products/html/planteo/images/pricing/pricing-bg.png]
[rstheme.com/products/html/planteo/images/services/services-h1.png]
[rstheme.com/products/html/planteo/images/background/quote.jpg]
[rstheme.com/products/html/planteo/images/background/quote-h2.png]
[rstheme.com/products/html/planteo/images/services/h1-img2-.jpg]
[rstheme.com/products/html/planteo/images/testimonial/h2-shape.png]
[rstheme.com/products/html/planteo/images/footer-bg.jpg]
[rstheme.com/products/html/planteo/style.css]
[rstheme.com/products/html/planteo/css/rs-spacing.css]
[rstheme.com/products/html/planteo/css/responsive.css]
[rstheme.com/products/html/planteo/images/banner/man.png]
[rstheme.com/products/html/planteo/images/banner/sl1.png]
[rstheme.com/products/html/planteo/images/services/1.png]
[rstheme.com/products/html/planteo/images/services/2.png]
[rstheme.com/products/html/planteo/images/services/3.png]
[rstheme.com/products/html/planteo/images/services/4.png]
[rstheme.com/products/html/planteo/images/about/about-h3.png]
[rstheme.com/products/html/planteo/images/services/tab/1.png]
[rstheme.com/products/html/planteo/images/services/tab/2.png]
[rstheme.com/products/html/planteo/images/services/tab/3.png]
[rstheme.com/products/html/planteo/images/portfolio/project/1.jpg]
[rstheme.com/products/html/planteo/images/portfolio/project/2.jpg]
[rstheme.com/products/html/planteo/images/portfolio/project/3.jpg]
[rstheme.com/products/html/planteo/images/portfolio/project/4.jpg]
[rstheme.com/products/html/planteo/images/quote/1.png]
[rstheme.com/products/html/planteo/images/team/1.jpg]
[rstheme.com/products/html/planteo/images/team/2.jpg]
[rstheme.com/products/html/planteo/images/team/3.jpg]
[rstheme.com/products/html/planteo/images/team/4.jpg]
[rstheme.com/products/html/planteo/images/blog/1.jpg]
[rstheme.com/products/html/planteo/images/blog/2.jpg]
[rstheme.com/products/html/planteo/images/blog/3.jpg]
[rstheme.com/products/html/planteo/images/blog/4.jpg]
[rstheme.com/products/html/planteo/images/partner/1.png]
[rstheme.com/products/html/planteo/images/partner/2.png]
[rstheme.com/products/html/planteo/images/partner/3.png]
[rstheme.com/products/html/planteo/images/partner/4.png]
[rstheme.com/products/html/planteo/images/partner/5.png]
[rstheme.com/products/html/planteo/index2.html]
[rstheme.com/products/html/planteo/images/logo.png]
[rstheme.com/products/html/planteo/images/services/home2/icon/1.png]
[rstheme.com/products/html/planteo/images/services/home2/icon/2.png]
[rstheme.com/products/html/planteo/images/services/home2/icon/3.png]
[rstheme.com/products/html/planteo/images/services/home2/icon/4.png]
[rstheme.com/products/html/planteo/images/services/item/7.png]
[rstheme.com/products/html/planteo/images/services/item/8.png]
[rstheme.com/products/html/planteo/images/cta/1.png]
[rstheme.com/products/html/planteo/index3.html]
[rstheme.com/products/html/planteo/images/services/home3/icon/1.png]
[rstheme.com/products/html/planteo/images/services/home3/icon/2.png]
[rstheme.com/products/html/planteo/images/services/home3/icon/3.png]
[rstheme.com/products/html/planteo/images/services/home3/icon/4.png]
[rstheme.com/products/html/planteo/images/sec-shape.png]
[rstheme.com/products/html/planteo/images/services/services-h3.png]
[rstheme.com/products/html/planteo/images/services/item/9.png]
[rstheme.com/products/html/planteo/images/services/home3/1.jpg]
[rstheme.com/products/html/planteo/images/services/home3/2.jpg]
[rstheme.com/products/html/planteo/images/services/home3/3.jpg]
[rstheme.com/products/html/planteo/images/services/home3/4.jpg]
[rstheme.com/products/html/planteo/images/services/home3/5.jpg]
[rstheme.com/products/html/planteo/images/services/home3/6.jpg]
[rstheme.com/products/html/planteo/index4.html]
[rstheme.com/products/html/planteo/js/jquery.nav.js]
[rstheme.com/products/html/planteo/index-onepage1.html]
[rstheme.com/products/html/planteo/index-onepage2.html]
[rstheme.com/products/html/planteo/index-onepage3.html]
[rstheme.com/products/html/planteo/js/contact.form.js]
[rstheme.com/products/html/planteo/images/partner/a.png]
[rstheme.com/products/html/planteo/images/partner/b.png]
[rstheme.com/products/html/planteo/images/partner/c.png]
[rstheme.com/products/html/planteo/images/partner/d.png]
[rstheme.com/products/html/planteo/images/partner/e.png]
[rstheme.com/products/html/planteo/images/partner/f.png]
[rstheme.com/products/html/planteo/index-onepage4.html]
[rstheme.com/products/html/planteo/images/about/a-1.jpg]
[rstheme.com/products/html/planteo/about.html]
[rstheme.com/products/html/planteo/services-one.html]
[rstheme.com/products/html/planteo/services-two.html]
[rstheme.com/products/html/planteo/images/services/inner-1.jpg]
[rstheme.com/products/html/planteo/images/services/inner-2.jpg]
[rstheme.com/products/html/planteo/services-single.html]
[rstheme.com/products/html/planteo/project.html]
[rstheme.com/products/html/planteo/images/portfolio/project/slider/1.jpg]
[rstheme.com/products/html/planteo/images/portfolio/project/slider/2.jpg]
[rstheme.com/products/html/planteo/images/portfolio/project/slider/3.jpg]
[rstheme.com/products/html/planteo/slider-style.html]
[rstheme.com/products/html/planteo/images/portfolio/gallery/1.jpg]
[rstheme.com/products/html/planteo/images/portfolio/gallery/2.jpg]
[rstheme.com/products/html/planteo/images/portfolio/gallery/3.jpg]
[rstheme.com/products/html/planteo/images/portfolio/gallery/4.jpg]
[rstheme.com/products/html/planteo/images/portfolio/gallery/5.jpg]
[rstheme.com/products/html/planteo/images/portfolio/gallery/6.jpg]
[rstheme.com/products/html/planteo/gallery-style.html]
[rstheme.com/products/html/planteo/team-slider.html]
[rstheme.com/products/html/planteo/team-grid.html]
[rstheme.com/products/html/planteo/services-box1.html]
[rstheme.com/products/html/planteo/services-box2.html]
[rstheme.com/products/html/planteo/services-box3.html]
[rstheme.com/products/html/planteo/services-box4.html]
[rstheme.com/products/html/planteo/services-box5.html]
[rstheme.com/products/html/planteo/price-table.html]
[rstheme.com/products/html/planteo/images/shop/1.jpg]
[rstheme.com/products/html/planteo/images/shop/2.jpg]
[rstheme.com/products/html/planteo/images/shop/3.jpg]
[rstheme.com/products/html/planteo/images/shop/4.jpg]
[rstheme.com/products/html/planteo/images/shop/5.jpg]
[rstheme.com/products/html/planteo/images/shop/6.jpg]
[rstheme.com/products/html/planteo/images/shop/7.jpg]
[rstheme.com/products/html/planteo/images/shop/8.jpg]
[rstheme.com/products/html/planteo/images/shop/9.jpg]
[rstheme.com/products/html/planteo/shop.html]
[rstheme.com/products/html/planteo/single-shop.htmll]
[rstheme.com/products/html/planteo/single-shop.html]
[rstheme.com/products/html/planteo/cart.html]
[rstheme.com/products/html/planteo/images/paypal.png]
[rstheme.com/products/html/planteo/checkout.html]
[rstheme.com/products/html/planteo/my-account.html]
[rstheme.com/products/html/planteo/images/blog/inner/1.jpg]
[rstheme.com/products/html/planteo/images/blog/inner/2.jpg]
[rstheme.com/products/html/planteo/images/blog/inner/3.jpg]
[rstheme.com/products/html/planteo/images/blog/inner/4.jpg]
[rstheme.com/products/html/planteo/images/blog/inner/5.jpg]
[rstheme.com/products/html/planteo/blog.html]
[rstheme.com/products/html/planteo/single-blog.html]
[rstheme.com/products/html/planteo/contact.html]
[rstheme.com/products/html/planteo/match-fixtures.html]
[rstheme.com/products/html/planteo/www.youtube.com/watchccb8.html]
[rstheme.com/products/html/planteo/fonts/fontawesome-webfont3e6e.svg]
[rstheme.com/products/html/planteo/css/owl.video.play.html]
[rstheme.com/products/html/planteo/fonts/Flaticon.svg]
[rstheme.com/products/html/planteo/images/pricing/icon/1.png]
[rstheme.com/products/html/planteo/images/pricing/icon/2.png]
[rstheme.com/products/html/planteo/images/pricing/icon/3.png]
[rstheme.com/products/html/planteo/price-table.html]
[rstheme.com/products/html/planteo/single-shop-2.html]
